###############################################################################
#
# IAR ELF Linker V3.11.1.207 for STM8                     28/Jan/2025  19:14:03
# Copyright 2010-2019 IAR Systems AB.
#
#    Output file  =  
#        C:\Users\igor4\trash\Documents\stms003f\Debug\Exe\stm8s003.out
#    Map file     =  
#        C:\Users\igor4\trash\Documents\stms003f\Debug\List\stm8s003.map
#    Command line =  
#        -f C:\Users\igor4\AppData\Local\Temp\EW4F3.tmp
#        (C:\Users\igor4\trash\Documents\stms003f\Debug\Obj\main.o
#        C:\Users\igor4\trash\Documents\stms003f\Debug\Obj\rfm69.o
#        C:\Users\igor4\trash\Documents\stms003f\Debug\Obj\stm8s_adc1.o
#        C:\Users\igor4\trash\Documents\stms003f\Debug\Obj\stm8s_awu.o
#        C:\Users\igor4\trash\Documents\stms003f\Debug\Obj\stm8s_beep.o
#        C:\Users\igor4\trash\Documents\stms003f\Debug\Obj\stm8s_clk.o
#        C:\Users\igor4\trash\Documents\stms003f\Debug\Obj\stm8s_exti.o
#        C:\Users\igor4\trash\Documents\stms003f\Debug\Obj\stm8s_flash.o
#        C:\Users\igor4\trash\Documents\stms003f\Debug\Obj\stm8s_gpio.o
#        C:\Users\igor4\trash\Documents\stms003f\Debug\Obj\stm8s_i2c.o
#        C:\Users\igor4\trash\Documents\stms003f\Debug\Obj\stm8s_it.o
#        C:\Users\igor4\trash\Documents\stms003f\Debug\Obj\stm8s_itc.o
#        C:\Users\igor4\trash\Documents\stms003f\Debug\Obj\stm8s_iwdg.o
#        C:\Users\igor4\trash\Documents\stms003f\Debug\Obj\stm8s_rst.o
#        C:\Users\igor4\trash\Documents\stms003f\Debug\Obj\stm8s_spi.o
#        C:\Users\igor4\trash\Documents\stms003f\Debug\Obj\stm8s_tim1.o
#        C:\Users\igor4\trash\Documents\stms003f\Debug\Obj\stm8s_tim2.o
#        C:\Users\igor4\trash\Documents\stms003f\Debug\Obj\stm8s_tim4.o
#        C:\Users\igor4\trash\Documents\stms003f\Debug\Obj\stm8s_uart1.o
#        C:\Users\igor4\trash\Documents\stms003f\Debug\Obj\stm8s_wwdg.o
#        --redirect _Printf=_PrintfFullNoMb --redirect _Scanf=_ScanfFullNoMb
#        --no_out_extension -o
#        C:\Users\igor4\trash\Documents\stms003f\Debug\Exe\stm8s003.out --map
#        C:\Users\igor4\trash\Documents\stms003f\Debug\List\stm8s003.map
#        --config "C:\Program Files (x86)\IAR Systems\Embedded Workbench
#        8.3\stm8\config\lnkstm8s003f3.icf" --config_def _CSTACK_SIZE=0x100
#        --config_def _HEAP_SIZE=0x100 --entry __iar_program_start --debug_lib)
#
###############################################################################

*******************************************************************************
*** RUNTIME MODEL ATTRIBUTES
***

__SystemLibrary            = DLib
__code_model               = small
__core                     = stm8
__data_model               = medium
__dlib_file_descriptor     = 0
__dlib_full_locale_support = 0
__rt_version               = 4


*******************************************************************************
*** PLACEMENT SUMMARY
***

"A0":  place at start of [0x000000-0x0000ff] { rw section .vregs };
"A1":  place at end of [0x000000-0x0003ff] { block CSTACK };
"P2":  place in [from 0x000000 to 0x0003ff] {
          block HEAP, rw section __DLIB_PERTHREAD, rw section .far.bss,
          rw section .far.data, rw section .far.noinit,
          rw section .far_func.textrw, rw section .huge.bss,
          rw section .huge.data, rw section .huge.noinit,
          rw section .huge_func.textrw, rw section .iar.dynexit,
          rw section .near.bss, rw section .near.data, rw section .near.noinit,
          rw section .near_func.textrw };
"A2":  place at start of [0x008000-0x009fff] { block INTVEC };
"P3":  place in [from 0x008000 to 0x009fff] {
          ro section __DLIB_PERTHREAD_init, ro section .far.data_init,
          ro section .far_func.textrw_init, ro section .huge.data_init,
          ro section .huge_func.textrw_init, ro section .iar.init_table,
          ro section .init_array, ro section .near.data_init,
          ro section .near.rodata, ro section .near_func.text,
          ro section .near_func.textrw_init, ro section .tiny.data_init,
          ro section .tiny.rodata_init };
"P4":  place in [from 0x008000 to 0x009fff] {
          ro section .far.rodata, ro section .far_func.text };
"P5":  place in [from 0x008000 to 0x009fff] {
          ro section .huge.rodata, ro section .huge_func.text };
do not initialize {
   rw section .eeprom.noinit, rw section .far.noinit, rw section .huge.noinit,
   rw section .near.noinit, rw section .tiny.noinit, rw section .vregs };

No sections matched the following patterns:

  ro section .far.data_init          in "P3-P5"
  ro section .far.rodata             in "P3-P5"
  ro section .far_func.text          in "P3-P5"
  ro section .far_func.textrw_init   in "P3-P5"
  ro section .huge.data_init         in "P3-P5"
  ro section .huge.rodata            in "P3-P5"
  ro section .huge_func.text         in "P3-P5"
  ro section .huge_func.textrw_init  in "P3-P5"
  ro section .iar.init_table         in "P3-P5"
  ro section .init_array             in "P3-P5"
  ro section .near.data_init         in "P3-P5"
  ro section .near_func.textrw_init  in "P3-P5"
  ro section .tiny.data_init         in "P3-P5"
  ro section .tiny.rodata_init       in "P3-P5"
  ro section __DLIB_PERTHREAD_init   in "P3-P5"
  rw section .far.bss                in "P2"
  rw section .far.data               in "P2"
  rw section .far.noinit             in "P2"
  rw section .far_func.textrw        in "P2"
  rw section .huge.bss               in "P2"
  rw section .huge.data              in "P2"
  rw section .huge.noinit            in "P2"
  rw section .huge_func.textrw       in "P2"
  rw section .iar.dynexit            in "P2"
  rw section .near.data              in "P2"
  rw section .near.noinit            in "P2"
  rw section .near_func.textrw       in "P2"
  rw section .tiny.bss               in "P1"
  rw section .tiny.data              in "P1"
  rw section .tiny.noinit            in "P1"
  rw section .tiny.rodata            in "P1"
  rw section __DLIB_PERTHREAD        in "P2"
  section .eeprom.data               in "P6-P8"
  section .eeprom.noinit             in "P6-P8"
  section .eeprom.rodata             in "P6-P8"


  Section          Kind      Address   Size  Object
  -------          ----      -------   ----  ------
"A0":                                  0x10
  .vregs           uninit   0x000000   0x10  vregs.o [4]
                          - 0x000010   0x10

"P2":                                   0xa
  .near.bss        zero     0x000010    0x2  rfm69.o [1]
  .near.bss        zero     0x000012    0x2  rfm69.o [1]
  .near.bss        zero     0x000014    0x1  main.o [1]
  .near.bss        zero     0x000015    0x1  main.o [1]
  .near.bss        zero     0x000016    0x1  rfm69.o [1]
  .near.bss        zero     0x000017    0x1  rfm69.o [1]
  .near.bss        zero     0x000018    0x1  rfm69.o [1]
  .near.bss        zero     0x000019    0x1  rfm69.o [1]
                          - 0x00001a    0xa

"A1":                                 0x100
  CSTACK                    0x000300  0x100  <Block>
    CSTACK         uninit   0x000300  0x100  <Block tail>
                          - 0x000400  0x100

"A2":                                  0x80
  INTVEC                    0x008000   0x80  <Block>
    .intvec        const    0x008000   0x80  interrupt.o [4]
                          - 0x008080   0x80

"P3-P5":                              0xbc4
  .near_func.text  ro code  0x008080  0x284  rfm69.o [1]
  .near_func.text  ro code  0x008304  0x13f  stm8s_spi.o [1]
  .near_func.text  ro code  0x008443  0x110  stm8s_gpio.o [1]
  .near_func.text  ro code  0x008553   0xde  stm8s_clk.o [1]
  .near_func.text  ro code  0x008631   0xc1  main.o [1]
  .near_func.text  ro code  0x0086f2   0x8b  stm8s_clk.o [1]
  .near_func.text  ro code  0x00877d   0x77  vreg_util.o [4]
  .near.rodata     const    0x0087f4   0x75  stm8s_gpio.o [1]
  .near.rodata     const    0x008869   0x74  stm8s_clk.o [1]
  .near.rodata     const    0x0088dd   0x74  stm8s_spi.o [1]
  .near_func.text  ro code  0x008951   0x6b  rfm69.o [1]
  .near_func.text  ro code  0x0089bc   0x5c  stm8s_gpio.o [1]
  .near_func.text  ro code  0x008a18   0x56  stm8s_spi.o [1]
  .near_func.text  ro code  0x008a6e   0x37  stm8s_spi.o [1]
  .near.rodata     const    0x008aa5   0x32  rfm69.o [1]
  .near_func.text  ro code  0x008ad7   0x2f  rfm69.o [1]
  .near_func.text  ro code  0x008b06   0x2f  stm8s_clk.o [1]
  .near_func.text  ro code  0x008b35   0x28  rfm69.o [1]
  .near_func.text  ro code  0x008b5d   0x23  rfm69.o [1]
  .iar.init_table  const    0x008b80    0x8  - Linker created -
  .near_func.text  ro code  0x008b88   0x1e  init_small.o [4]
  .near.rodata     const    0x008ba6   0x14  main.o [1]
  .near_func.text  ro code  0x008bba   0x14  init.o [4]
  .near_func.text  ro code  0x008bce   0x14  __dbg_xxexit.o [3]
  .near_func.text  ro code  0x008be2   0x13  cstartup.o [4]
  .near_func.text  ro code  0x008bf5    0xd  move.o [4]
  .near_func.text  ro code  0x008c02    0x8  short.o [4]
  .near_func.text  ro code  0x008c0a    0x7  rfm69.o [1]
  .near_func.text  ro code  0x008c11    0x7  stm8s_gpio.o [1]
  .near_func.text  ro code  0x008c18    0x5  cexit.o [4]
  .near_func.text  ro code  0x008c1d    0x4  stm8s_gpio.o [1]
  .near_func.text  ro code  0x008c21    0x3  interrupt.o [4]
  .near_func.text  ro code  0x008c24    0x3  low_level_init.o [4]
  .near_func.text  ro code  0x008c27    0x3  exit.o [4]
  .near_func.text  ro code  0x008c2a    0x3  unhandled_exception.o [4]
  .near_func.text  ro code  0x008c2d    0x2  main.o [1]
  .near_func.text  ro code  0x008c2f    0x1  stm8s_it.o [1]
  .near_func.text  ro code  0x008c30    0x1  stm8s_it.o [1]
  .near_func.text  ro code  0x008c31    0x1  stm8s_it.o [1]
  .near_func.text  ro code  0x008c32    0x1  stm8s_it.o [1]
  .near_func.text  ro code  0x008c33    0x1  stm8s_it.o [1]
  .near_func.text  ro code  0x008c34    0x1  stm8s_it.o [1]
  .near_func.text  ro code  0x008c35    0x1  stm8s_it.o [1]
  .near_func.text  ro code  0x008c36    0x1  stm8s_it.o [1]
  .near_func.text  ro code  0x008c37    0x1  stm8s_it.o [1]
  .near_func.text  ro code  0x008c38    0x1  stm8s_it.o [1]
  .near_func.text  ro code  0x008c39    0x1  stm8s_it.o [1]
  .near_func.text  ro code  0x008c3a    0x1  stm8s_it.o [1]
  .near_func.text  ro code  0x008c3b    0x1  stm8s_it.o [1]
  .near_func.text  ro code  0x008c3c    0x1  stm8s_it.o [1]
  .near_func.text  ro code  0x008c3d    0x1  stm8s_it.o [1]
  .near_func.text  ro code  0x008c3e    0x1  stm8s_it.o [1]
  .near_func.text  ro code  0x008c3f    0x1  stm8s_it.o [1]
  .near_func.text  ro code  0x008c40    0x1  stm8s_it.o [1]
  .near_func.text  ro code  0x008c41    0x1  stm8s_it.o [1]
  .near_func.text  ro code  0x008c42    0x1  stm8s_it.o [1]
  .near_func.text  ro code  0x008c43    0x1  __dbg_break.o [3]
                          - 0x008c44  0xbc4


*******************************************************************************
*** INIT TABLE
***

          Address   Size
          -------   ----
Zero (__iar_zero_init2)
    1 destination range, total size 0xa:
          0x000010   0xa



*******************************************************************************
*** MODULE SUMMARY
***

    Module                 ro code  ro data  rw data
    ------                 -------  -------  -------
C:\Users\igor4\trash\Documents\stms003f\Debug\Obj: [1]
    main.o                     195       20        2
    rfm69.o                    880       50        8
    stm8s_clk.o                408      116
    stm8s_gpio.o               375      117
    stm8s_it.o                  20
    stm8s_spi.o                460      116
    ------------------------------------------------
    Total:                   2 338      419       10

command line: [2]
    ------------------------------------------------
    Total:

dbgstm8smd.a: [3]
    __dbg_break.o                1
    __dbg_xxexit.o              20
    ------------------------------------------------
    Total:                      21

dlstm8smn.a: [4]
    cexit.o                      5
    cstartup.o                  19
    exit.o                       3
    init.o                      20
    init_small.o                30
    interrupt.o                  3      128
    low_level_init.o             3
    move.o                      13
    short.o                      8
    unhandled_exception.o        3
    vreg_util.o                119
    vregs.o                                       16
    ------------------------------------------------
    Total:                     226      128       16

    Linker created                        8      256
----------------------------------------------------
    Grand Total:             2 585      555      282


*******************************************************************************
*** ENTRY LIST
***

Entry                    Address   Size  Type      Object
-----                    -------   ----  ----      ------
.iar.init_table$$Base   0x008b80          --   Gb  - Linker created -
.iar.init_table$$Limit  0x008b88          --   Gb  - Linker created -
?b0                     0x000000         Data  Gb  vregs.o [4]
?b1                     0x000001         Data  Gb  vregs.o [4]
?b10                    0x00000a         Data  Gb  vregs.o [4]
?b11                    0x00000b         Data  Gb  vregs.o [4]
?b12                    0x00000c         Data  Gb  vregs.o [4]
?b13                    0x00000d         Data  Gb  vregs.o [4]
?b14                    0x00000e         Data  Gb  vregs.o [4]
?b15                    0x00000f         Data  Gb  vregs.o [4]
?b2                     0x000002         Data  Gb  vregs.o [4]
?b3                     0x000003         Data  Gb  vregs.o [4]
?b4                     0x000004         Data  Gb  vregs.o [4]
?b5                     0x000005         Data  Gb  vregs.o [4]
?b6                     0x000006         Data  Gb  vregs.o [4]
?b7                     0x000007         Data  Gb  vregs.o [4]
?b8                     0x000008         Data  Gb  vregs.o [4]
?b9                     0x000009         Data  Gb  vregs.o [4]
?e0                     0x000001         Data  Gb  vregs.o [4]
?e1                     0x000005         Data  Gb  vregs.o [4]
?e2                     0x000009         Data  Gb  vregs.o [4]
?e3                     0x00000d         Data  Gb  vregs.o [4]
?epilogue_l2            0x0087ec         Code  Gb  vreg_util.o [4]
?epilogue_l2_l3         0x0087e9         Code  Gb  vreg_util.o [4]
?epilogue_w4            0x0087f0         Code  Gb  vreg_util.o [4]
?l0                     0x000000         Data  Gb  vregs.o [4]
?l1                     0x000004         Data  Gb  vregs.o [4]
?l2                     0x000008         Data  Gb  vregs.o [4]
?l3                     0x00000c         Data  Gb  vregs.o [4]
?move1616_v_x_y_a       0x008bf5         Code  Gb  move.o [4]
?pop_l2                 0x0087cb         Code  Gb  vreg_util.o [4]
?pop_l3                 0x0087d6         Code  Gb  vreg_util.o [4]
?pop_w4                 0x008795         Code  Gb  vreg_util.o [4]
?push_l2                0x0087a4         Code  Gb  vreg_util.o [4]
?push_l3                0x0087a9         Code  Gb  vreg_util.o [4]
?push_w4                0x00877d         Code  Gb  vreg_util.o [4]
?sll16_x_x_a            0x008c02         Code  Gb  short.o [4]
?w0                     0x000000         Data  Gb  vregs.o [4]
?w1                     0x000002         Data  Gb  vregs.o [4]
?w2                     0x000004         Data  Gb  vregs.o [4]
?w3                     0x000006         Data  Gb  vregs.o [4]
?w4                     0x000008         Data  Gb  vregs.o [4]
?w5                     0x00000a         Data  Gb  vregs.o [4]
?w6                     0x00000c         Data  Gb  vregs.o [4]
?w7                     0x00000e         Data  Gb  vregs.o [4]
ADC1_IRQHandler         0x008c40    0x1  Code  Gb  stm8s_it.o [1]
AWU_IRQHandler          0x008c31    0x1  Code  Gb  stm8s_it.o [1]
CLK_HSICmd              0x008b06   0x2f  Code  Gb  stm8s_clk.o [1]
CLK_IRQHandler          0x008c32    0x1  Code  Gb  stm8s_it.o [1]
CLK_PeripheralClockConfig
                        0x008553   0xde  Code  Gb  stm8s_clk.o [1]
CLK_SYSCLKConfig        0x0086f2   0x8b  Code  Gb  stm8s_clk.o [1]
CSTACK$$Base            0x000300          --   Gb  - Linker created -
CSTACK$$Limit           0x000400          --   Gb  - Linker created -
Delay                   0x008c0a    0x7  Code  Gb  rfm69.o [1]
EEPROM_EEC_IRQHandler   0x008c42    0x1  Code  Gb  stm8s_it.o [1]
EXTI_PORTA_IRQHandler   0x008c33    0x1  Code  Gb  stm8s_it.o [1]
EXTI_PORTB_IRQHandler   0x008c34    0x1  Code  Gb  stm8s_it.o [1]
EXTI_PORTC_IRQHandler   0x008c35    0x1  Code  Gb  stm8s_it.o [1]
EXTI_PORTD_IRQHandler   0x008c36    0x1  Code  Gb  stm8s_it.o [1]
EXTI_PORTE_IRQHandler   0x008c37    0x1  Code  Gb  stm8s_it.o [1]
GPIO_ExternalPullUpConfig
                        0x0089bc   0x5c  Code  Gb  stm8s_gpio.o [1]
GPIO_Init               0x008443  0x110  Code  Gb  stm8s_gpio.o [1]
GPIO_WriteHigh          0x008c11    0x7  Code  Gb  stm8s_gpio.o [1]
GPIO_WriteLow           0x008c1d    0x4  Code  Gb  stm8s_gpio.o [1]
I2C_IRQHandler          0x008c3f    0x1  Code  Gb  stm8s_it.o [1]
INTVEC$$Base            0x008000          --   Gb  - Linker created -
INTVEC$$Limit           0x008080          --   Gb  - Linker created -
Region$$Table$$Base     0x008b80          --   Gb  - Linker created -
Region$$Table$$Limit    0x008b88          --   Gb  - Linker created -
SPICmd8bit              0x008b5d   0x23  Code  Gb  rfm69.o [1]
SPIRead                 0x008b35   0x28  Code  Gb  rfm69.o [1]
SPIWrite                0x008951   0x27  Code  Gb  rfm69.o [1]
SPI_Cmd                 0x008a6e   0x2f  Code  Gb  stm8s_spi.o [1]
SPI_GetFlagStatus       0x008a18   0x56  Code  Gb  stm8s_spi.o [1]
SPI_IRQHandler          0x008c38    0x1  Code  Gb  stm8s_it.o [1]
SPI_Init                0x008304  0x13f  Code  Gb  stm8s_spi.o [1]
SPI_ReceiveData         0x008aa1    0x4  Code  Gb  stm8s_spi.o [1]
SPI_SendData            0x008a9d    0x4  Code  Gb  stm8s_spi.o [1]
TIM1_CAP_COM_IRQHandler
                        0x008c3a    0x1  Code  Gb  stm8s_it.o [1]
TIM1_UPD_OVF_TRG_BRK_IRQHandler
                        0x008c39    0x1  Code  Gb  stm8s_it.o [1]
TIM2_CAP_COM_IRQHandler
                        0x008c3c    0x1  Code  Gb  stm8s_it.o [1]
TIM2_UPD_OVF_BRK_IRQHandler
                        0x008c3b    0x1  Code  Gb  stm8s_it.o [1]
TIM4_UPD_OVF_IRQHandler
                        0x008c41    0x1  Code  Gb  stm8s_it.o [1]
TLI_IRQHandler          0x008c30    0x1  Code  Gb  stm8s_it.o [1]
TRAP_IRQHandler         0x008c2f    0x1  Code  Gb  stm8s_it.o [1]
UART1_RX_IRQHandler     0x008c3e    0x1  Code  Gb  stm8s_it.o [1]
UART1_TX_IRQHandler     0x008c3d    0x1  Code  Gb  stm8s_it.o [1]
__DebugBreak            0x008c43    0x1  Code  Gb  __dbg_break.o [3]
__exit                  0x008bce   0x14  Code  Gb  __dbg_xxexit.o [3]
__iar_data_init2        0x008bba   0x14  Code  Gb  init.o [4]
__iar_program_start     0x008be2         Code  Gb  cstartup.o [4]
__iar_unhandled_exception
                        0x008c2a         Code  Gb  unhandled_exception.o [4]
__iar_zero_init2        0x008b88         Code  Gb  init_small.o [4]
__intvec                0x008000         Data  Gb  interrupt.o [4]
__low_level_init        0x008c24    0x3  Code  Gb  low_level_init.o [4]
_address                0x000018    0x1  Data  Gb  rfm69.o [1]
_exit                   0x008c18         Code  Gb  cexit.o [4]
_interrupt_1            0x008c2f         Code  Gb  stm8s_it.o [1]
_interrupt_12           0x008c38         Code  Gb  stm8s_it.o [1]
_interrupt_13           0x008c39         Code  Gb  stm8s_it.o [1]
_interrupt_14           0x008c3a         Code  Gb  stm8s_it.o [1]
_interrupt_15           0x008c3b         Code  Gb  stm8s_it.o [1]
_interrupt_16           0x008c3c         Code  Gb  stm8s_it.o [1]
_interrupt_19           0x008c3d         Code  Gb  stm8s_it.o [1]
_interrupt_2            0x008c30         Code  Gb  stm8s_it.o [1]
_interrupt_20           0x008c3e         Code  Gb  stm8s_it.o [1]
_interrupt_21           0x008c3f         Code  Gb  stm8s_it.o [1]
_interrupt_24           0x008c40         Code  Gb  stm8s_it.o [1]
_interrupt_25           0x008c41         Code  Gb  stm8s_it.o [1]
_interrupt_26           0x008c42         Code  Gb  stm8s_it.o [1]
_interrupt_3            0x008c31         Code  Gb  stm8s_it.o [1]
_interrupt_4            0x008c32         Code  Gb  stm8s_it.o [1]
_interrupt_5            0x008c33         Code  Gb  stm8s_it.o [1]
_interrupt_6            0x008c34         Code  Gb  stm8s_it.o [1]
_interrupt_7            0x008c35         Code  Gb  stm8s_it.o [1]
_interrupt_8            0x008c36         Code  Gb  stm8s_it.o [1]
_interrupt_9            0x008c37         Code  Gb  stm8s_it.o [1]
_isRFM69HW              0x000019    0x1  Data  Gb  rfm69.o [1]
_mode                   0x000016    0x1  Data  Gb  rfm69.o [1]
_powerLevel             0x000017    0x1  Data  Gb  rfm69.o [1]
_reg_val_27             0x000012    0x2  Data  Gb  rfm69.o [1]
_reg_val_28             0x000010    0x2  Data  Gb  rfm69.o [1]
assert_failed           0x008c2d    0x2  Code  Gb  main.o [1]
exit                    0x008c27    0x3  Code  Gb  exit.o [4]
main                    0x008631   0xc1  Code  Gb  main.o [1]
re_lsb                  0x000015    0x1  Data  Gb  main.o [1]
re_msb                  0x000014    0x1  Data  Gb  main.o [1]
rfm69_init              0x00812a  0x116  Code  Gb  rfm69.o [1]
send                    0x008240   0xc4  Code  Gb  rfm69.o [1]
setAddress              0x008978    0xd  Code  Gb  rfm69.o [1]
setHighPowerRegs        0x008ad7   0x2f  Code  Gb  rfm69.o [1]
setMode                 0x008080   0xaa  Code  Gb  rfm69.o [1]
setPowerLevel           0x008985   0x37  Code  Gb  rfm69.o [1]


[1] = C:\Users\igor4\trash\Documents\stms003f\Debug\Obj
[2] = command line
[3] = dbgstm8smd.a
[4] = dlstm8smn.a

  2 585 bytes of readonly  code memory
    555 bytes of readonly  data memory
    282 bytes of readwrite data memory

Errors: none
Warnings: none
